// Jest Snapshot v1, https://goo.gl/fbAQLP

exports[`Weather Component snapshot 1`] = `
<div
  className=" rainy"
>
  <div
    className="search_container"
  >
    <form
      onSubmit={[Function]}
    >
      <input
        className="search-field"
        onChange={[Function]}
        placeholder="Please enter a city name"
        type="text"
        value=""
      />
      <button
        className="search-btn"
        disabled={true}
        type="submit"
      >
        search
      </button>
      <span
        className="location"
        onClick={[Function]}
        title="select location"
      />
    </form>
  </div>
  <div
    className="errorMessage"
  />
</div>
`;
